Texture Groups complete! Took 1 ms
Dumping Scripts...
Dumping Objects...
Dumping Sounds...
Dumping Rooms...
Dumping Sprites...
Dumping Fonts...
Dumping Sequences...
Dumping Shaders...
Dumping Extensions...
Dumping Paths...
Dumping Animation Curves...
Dumping Tilesets...
Dumping Timelines...
Sequences complete! Took 668 ms
Extensions complete! Took 669 ms
Paths complete! Took 670 ms
Animation Curves complete! Took 670 ms
Timelines complete! Took 674 ms
Fonts complete! Took 792 ms
Shaders complete! Took 1017 ms
Scripts complete! Took 3891 ms
Sounds complete! Took 9047 ms
Objects complete! Took 10652 ms
Tilesets complete! Took 10863 ms
Rooms complete! Took 14406 ms
Sprites complete! Took 18840 ms
All Textures complete! Took 98823 ms
Created GlobalInit Script.
All assets complete! Took 118328 ms
